\BOOKMARK [1][-]{section.1}{\376\377\137\025\212\000}{}% 1
\BOOKMARK [1][-]{section.2}{\376\377\166\370\121\163\135\345\117\134}{}% 2
\BOOKMARK [1][-]{section.3}{\376\377\145\271\154\325}{}% 3
\BOOKMARK [2][-]{subsection.3.1}{\376\377\151\202\217\360}{section.3}% 4
\BOOKMARK [2][-]{subsection.3.2}{\376\377\122\115\154\277\143\242\175\042}{section.3}% 5
\BOOKMARK [2][-]{subsection.3.3}{\376\377\213\355\116\111\232\330\145\257\147\204\136\372}{section.3}% 6
\BOOKMARK [2][-]{subsection.3.4}{\376\377\232\330\145\257\133\374\202\052}{section.3}% 7
\BOOKMARK [1][-]{section.4}{\376\377\133\236\232\214}{}% 8
\BOOKMARK [2][-]{subsection.4.1}{\376\377\133\236\232\214\213\276\177\156}{section.4}% 9
\BOOKMARK [2][-]{subsection.4.2}{\376\377\116\016\137\123\122\115\147\000\117\030\145\271\154\325\166\204\133\371\153\324}{section.4}% 10
\BOOKMARK [2][-]{subsection.4.3}{\376\377\155\210\207\215\133\236\232\214}{section.4}% 11
\BOOKMARK [2][-]{subsection.4.4}{\376\377\145\110\163\207\122\006\147\220}{section.4}% 12
\BOOKMARK [2][-]{subsection.4.5}{\376\377\225\031\213\357\122\006\147\220}{section.4}% 13
\BOOKMARK [2][-]{subsection.4.6}{\376\377\232\330\145\257\147\204\136\372\176\323\147\234}{section.4}% 14
\BOOKMARK [1][-]{section.5}{\376\377\176\323\213\272}{}% 15
\BOOKMARK [1][-]{section*.1}{\376\377\123\302\200\003\145\207\163\056}{}% 16
\BOOKMARK [1][-]{IEEEbiography.0}{\376\377\000B\000i\000o\000g\000r\000a\000p\000h\000i\000e\000s}{}% 17
\BOOKMARK [2][-]{IEEEbiography.1}{\376\377\226\367\146\123\155\265}{IEEEbiography.0}% 18
\BOOKMARK [2][-]{IEEEbiography.2}{\376\377\163\213\145\117}{IEEEbiography.0}% 19
\BOOKMARK [2][-]{IEEEbiography.3}{\376\377\124\150\145\207\122\032}{IEEEbiography.0}% 20
\BOOKMARK [2][-]{IEEEbiography.4}{\376\377\147\116\123\232\137\072}{IEEEbiography.0}% 21
