\BOOKMARK [0][-]{摘要.0}{\376\377\144\130\211\201}{}% 1
\BOOKMARK [0][-]{ABSTRACT.0}{\376\377\000A\000B\000S\000T\000R\000A\000C\000T}{}% 2
\BOOKMARK [0][-]{目录.0}{\376\377\166\356\137\125}{}% 3
\BOOKMARK [0][-]{chapter.1}{\376\377\173\054\116\000\172\340\000\040\000\040\176\352\213\272}{}% 4
\BOOKMARK [1][-]{section.1.1}{\376\377\0001\000.\0001\000\040\170\024\172\166\200\314\146\157\116\016\141\017\116\111}{chapter.1}% 5
\BOOKMARK [1][-]{section.1.2}{\376\377\0001\000.\0002\000\040\170\024\172\166\163\260\162\266}{chapter.1}% 6
\BOOKMARK [2][-]{subsection.1.2.1}{\376\377\0001\000.\0002\000.\0001\000\040\123\357\137\256\122\006\156\062\147\323\230\206\127\337\166\204\166\370\121\163\170\024\172\166}{section.1.2}% 7
\BOOKMARK [2][-]{subsection.1.2.2}{\376\377\0001\000.\0002\000.\0002\000\040\166\370\147\072\133\232\117\115\230\206\127\337\166\370\121\163\170\024\172\166}{section.1.2}% 8
\BOOKMARK [2][-]{subsection.1.2.3}{\376\377\0001\000.\0002\000.\0003\000\040\211\306\211\311\133\374\202\052\230\206\127\337\166\370\121\163\170\024\172\166}{section.1.2}% 9
\BOOKMARK [1][-]{section.1.3}{\376\377\0001\000.\0003\000\040\147\054\145\207\116\073\211\201\135\345\117\134\116\016\215\041\163\056}{chapter.1}% 10
\BOOKMARK [1][-]{section.1.4}{\376\377\0001\000.\0004\000\040\213\272\145\207\176\323\147\204\133\211\143\222}{chapter.1}% 11
\BOOKMARK [0][-]{chapter.2}{\376\377\173\054\116\214\172\340\000\040\000\040\164\006\213\272\127\372\170\100}{}% 12
\BOOKMARK [1][-]{section.2.1}{\376\377\0002\000.\0001\000\040\0003\000D\000G\000S\156\062\147\323\145\271\154\325}{chapter.2}% 13
\BOOKMARK [2][-]{subsection.2.1.1}{\376\377\0002\000.\0001\000.\0001\000\040\123\237\131\313\0003\000D\232\330\145\257\154\374\156\205\142\200\147\057}{section.2.1}% 14
\BOOKMARK [2][-]{subsection.2.1.2}{\376\377\0002\000.\0001\000.\0002\000\040\162\171\137\201\116\016\213\355\116\111\130\236\137\072\166\204\0003\000D\000G\000S\142\151\134\125}{section.2.1}% 15
\BOOKMARK [1][-]{section.2.2}{\376\377\0002\000.\0002\000\040\126\376\137\142\142\155\146\362\116\016\133\371\237\120\142\200\147\057}{chapter.2}% 16
\BOOKMARK [2][-]{subsection.2.2.1}{\376\377\0002\000.\0002\000.\0001\000\040\117\040\176\337\121\111\136\246\213\357\135\356\117\115\131\377\117\030\123\026}{section.2.2}% 17
\BOOKMARK [2][-]{subsection.2.2.2}{\376\377\0002\000.\0002\000.\0002\000\040\000W\000a\000r\000p\000i\000n\000g\000\040\000L\000o\000s\000s\232\330\145\110\117\115\131\377\117\356\153\143}{section.2.2}% 18
\BOOKMARK [2][-]{subsection.2.2.3}{\376\377\0002\000.\0002\000.\0003\000\040\117\177\165\050\234\201\150\322\162\171\137\201\123\071\221\115\166\204\122\035\131\313\117\115\131\377\117\060\213\241}{section.2.2}% 19
\BOOKMARK [1][-]{section.2.3}{\376\377\0002\000.\0003\000\040\206\132\142\337\163\257\130\203\116\016\000I\000I\000N\116\373\122\241}{chapter.2}% 20
\BOOKMARK [2][-]{subsection.2.3.1}{\376\377\0002\000.\0003\000.\0001\000\040\000H\000a\000b\000i\000t\000a\000t\116\377\167\037\136\163\123\360\116\016\000H\000M\0003\000D\145\160\143\156\226\306}{section.2.3}% 21
\BOOKMARK [2][-]{subsection.2.3.2}{\376\377\0002\000.\0003\000.\0002\000\040\133\236\117\213\176\247\126\376\120\317\166\356\150\007\133\374\202\052\116\373\122\241}{section.2.3}% 22
\BOOKMARK [2][-]{subsection.2.3.3}{\376\377\0002\000.\0003\000.\0003\000\040\127\372\116\216\127\060\126\376\166\204\000\040\000I\000I\000N\000\040\145\271\154\325\157\024\217\333}{section.2.3}% 23
\BOOKMARK [0][-]{chapter.3}{\376\377\173\054\116\011\172\340\000\040\000\040\127\372\116\216\213\355\116\111\130\236\137\072\0003\000D\000G\000S\166\204\211\306\211\311\133\374\202\052\173\227\154\325\000G\000S\000G\000u\000i\000d\000e}{}% 24
\BOOKMARK [1][-]{section.3.1}{\376\377\0003\000.\0001\000\040\116\373\122\241\140\073\117\123\151\202\211\310}{chapter.3}% 25
\BOOKMARK [1][-]{section.3.2}{\376\377\0003\000.\0002\000\040\163\257\130\203\143\242\175\042\116\016\213\355\116\111\232\330\145\257\147\204\136\372}{chapter.3}% 26
\BOOKMARK [2][-]{subsection.3.2.1}{\376\377\0003\000.\0002\000.\0001\000\040\173\200\123\026\124\016\166\204\0003\000D\232\330\145\257\210\150\171\072}{section.3.2}% 27
\BOOKMARK [2][-]{subsection.3.2.2}{\376\377\0003\000.\0002\000.\0002\000\040\213\355\116\111\232\330\145\257\147\204\136\372}{section.3.2}% 28
\BOOKMARK [1][-]{section.3.3}{\376\377\0003\000.\0003\000\040\166\356\150\007\133\232\117\115\116\016\166\370\147\072\117\115\131\377\117\060\213\241}{chapter.3}% 29
\BOOKMARK [2][-]{subsection.3.3.1}{\376\377\0003\000.\0003\000.\0001\000\040\122\006\174\173\126\150}{section.3.3}% 30
\BOOKMARK [2][-]{subsection.3.3.2}{\376\377\0003\000.\0003\000.\0002\000\040\123\071\221\115\116\016\133\232\117\115}{section.3.3}% 31
\BOOKMARK [1][-]{section.3.4}{\376\377\0003\000.\0004\000\040\146\172\200\375\117\123\133\374\202\052}{chapter.3}% 32
\BOOKMARK [0][-]{chapter.4}{\376\377\173\054\126\333\172\340\000\040\000\040\133\236\232\214\116\016\176\323\147\234\122\006\147\220}{}% 33
\BOOKMARK [1][-]{section.4.1}{\376\377\0004\000.\0001\000\040\133\236\232\214\121\306\131\007}{chapter.4}% 34
\BOOKMARK [2][-]{subsection.4.1.1}{\376\377\0004\000.\0001\000.\0001\000\040\133\236\232\214\163\257\130\203}{section.4.1}% 35
\BOOKMARK [2][-]{subsection.4.1.2}{\376\377\0004\000.\0001\000.\0002\000\040\133\236\232\214\165\050\145\160\143\156\226\306}{section.4.1}% 36
\BOOKMARK [2][-]{subsection.4.1.3}{\376\377\0004\000.\0001\000.\0003\000\040\146\172\200\375\117\123\221\115\177\156}{section.4.1}% 37
\BOOKMARK [2][-]{subsection.4.1.4}{\376\377\0004\000.\0001\000.\0004\000\040\146\172\200\375\117\123\166\204\122\250\117\134\172\172\225\364}{section.4.1}% 38
\BOOKMARK [2][-]{subsection.4.1.5}{\376\377\0004\000.\0001\000.\0005\000\040\213\304\117\060\143\007\150\007}{section.4.1}% 39
\BOOKMARK [1][-]{section.4.2}{\376\377\0004\000.\0002\000\040\116\016\163\260\147\011\145\271\150\110\166\204\133\371\153\324}{chapter.4}% 40
\BOOKMARK [2][-]{subsection.4.2.1}{\376\377\0004\000.\0002\000.\0001\000\040\172\357\122\060\172\357\000b\000a\000s\000e\000l\000i\000n\000e\145\271\154\325}{section.4.2}% 41
\BOOKMARK [2][-]{subsection.4.2.2}{\376\377\0004\000.\0002\000.\0002\000\040\121\110\217\333\145\271\154\325\133\371\153\324}{section.4.2}% 42
\BOOKMARK [2][-]{subsection.4.2.3}{\376\377\0004\000.\0002\000.\0003\000\040\000S\000O\000T\000A\133\371\153\324}{section.4.2}% 43
\BOOKMARK [1][-]{section.4.3}{\376\377\0004\000.\0003\000\040\155\210\207\215\133\236\232\214}{chapter.4}% 44
\BOOKMARK [2][-]{subsection.4.3.1}{\376\377\0004\000.\0003\000.\0001\000\040\155\210\207\215\133\236\232\214\213\276\177\156\116\016\176\323\147\234}{section.4.3}% 45
\BOOKMARK [2][-]{subsection.4.3.2}{\376\377\0004\000.\0003\000.\0002\000\040\213\355\116\111\156\062\147\323\166\321\167\143\147\011\145\110\140\047}{section.4.3}% 46
\BOOKMARK [2][-]{subsection.4.3.3}{\376\377\0004\000.\0003\000.\0003\000\040\117\115\131\377\174\276\117\356\000W\000a\000r\000p\000i\000n\000g\000\040\000L\000o\000s\000s\147\011\145\110\140\047}{section.4.3}% 47
\BOOKMARK [2][-]{subsection.4.3.4}{\376\377\0004\000.\0003\000.\0004\000\040\155\210\207\215\133\236\232\214\176\323\213\272}{section.4.3}% 48
\BOOKMARK [1][-]{section.4.4}{\376\377\0004\000.\0004\000\040\213\357\135\356\122\006\147\220}{chapter.4}% 49
\BOOKMARK [2][-]{subsection.4.4.1}{\376\377\0004\000.\0004\000.\0001\000\040\213\355\116\111\225\031\213\357\213\306\122\053}{section.4.4}% 50
\BOOKMARK [2][-]{subsection.4.4.2}{\376\377\0004\000.\0004\000.\0002\000\040\127\072\146\157\136\372\172\313\215\050\221\317\116\015\133\214\125\204}{section.4.4}% 51
\BOOKMARK [0][-]{chapter.5}{\376\377\173\054\116\224\172\340\000\040\000\040\140\073\176\323\116\016\134\125\147\033}{}% 52
\BOOKMARK [1][-]{section.5.1}{\376\377\0005\000.\0001\000\040\170\024\172\166\140\073\176\323}{chapter.5}% 53
\BOOKMARK [1][-]{section.5.2}{\376\377\0005\000.\0002\000\040\170\024\172\166\134\125\147\033}{chapter.5}% 54
\BOOKMARK [0][-]{section*.20}{\376\377\201\364\214\042}{}% 55
\BOOKMARK [0][-]{section*.22}{\376\377\123\302\200\003\145\207\163\056}{}% 56
